../Core/Src/state_estimator/state_estimator.h:23:7:StateEstimator::~StateEstimator()	8	static
../Core/Src/state_estimator/state_estimator.h:23:7:virtual StateEstimator::~StateEstimator()	8	static
../Core/Src/state_estimator/state_estimator.cc:15:6:virtual void StateEstimator::Run()	400	static
../Core/Inc/task_manager/task_base.h:46:39:void __tcf_0()	0	static
../Core/Src/state_estimator/state_estimator.cc:10:1:StateEstimator::StateEstimator()	40	static
../Core/Src/state_estimator/state_estimator.cc:157:46:cc)	0	static
../Core/Src/state_estimator/state_estimator.cc:157:46:cc)	0	static
