../Core/Src/flight_controls/flight_controls.h:26:7:FlightControls::~FlightControls()	8	static
../Core/Src/flight_controls/flight_controls.h:26:7:virtual FlightControls::~FlightControls()	8	static
../Core/Inc/task_manager/task_base.h:46:39:void __tcf_0()	0	static
../Core/Src/flight_controls/fcsModelAutocode/fcs_params.h:5:14:busFcsParams AssignFcsCtrlParams()	776	static
../Core/Src/flight_controls/flight_controls.cc:15:6:virtual void FlightControls::Run()	240	static
../Core/Src/flight_controls/flight_controls.cc:10:1:FlightControls::FlightControls()	40	static
../Core/Src/flight_controls/flight_controls.cc:189:46:cc)	0	static
../Core/Src/flight_controls/flight_controls.cc:189:46:cc)	0	static
