../Core/Src/sensors/ubloxm9n2/ubloxm9n2.h:25:10:ReadUbloxM9n2::~ReadUbloxM9n2()	0	static
../Core/Src/sensors/ubloxm9n2/ubloxm9n2.h:25:10:virtual ReadUbloxM9n2::~ReadUbloxM9n2()	8	static
../Core/Src/sensors/ubloxm9n2/ubloxm9n2.cc:175:6:bool ReadUbloxM9n2::RxUartUbxPollMsg(uint8_t*, uint16_t, uint32_t)	16	static
../Core/Inc/task_manager/task_base.h:46:39:void __tcf_0()	0	static
../Core/Src/sensors/ubloxm9n2/ubloxm9n2.cc:23:1:ReadUbloxM9n2::ReadUbloxM9n2(UART_HandleTypeDef*)	40	static
../Core/Src/sensors/ubloxm9n2/ubloxm9n2.cc:36:6:void ReadUbloxM9n2::UbloxM9nUartInit(uint32_t)	16	static
../Core/Src/sensors/ubloxm9n2/ubloxm9n2.cc:74:6:void ReadUbloxM9n2::SetBaudrate(uint32_t)	16	static
../Core/Src/sensors/ubloxm9n2/ubloxm9n2.cc:78:6:void ReadUbloxM9n2::FlushUartDataRegister()	8	static
../Core/Src/sensors/ubloxm9n2/ubloxm9n2.cc:97:6:void ReadUbloxM9n2::CalculateChecksum(uint8_t*, uint16_t, uint8_t*, uint8_t*)	4	static
../Core/Src/sensors/ubloxm9n2/ubloxm9n2.cc:112:6:bool ReadUbloxM9n2::TxUartUbxPollCmd(const UbxMessage*, uint32_t)	24	dynamic
../Core/Src/sensors/ubloxm9n2/ubloxm9n2.cc:147:6:bool ReadUbloxM9n2::RxUartUbxPollMsgAck(uint8_t*, uint16_t, uint32_t)	16	static
../Core/Src/sensors/ubloxm9n2/ubloxm9n2.cc:175:6:bool ReadUbloxM9n2::RxUartUbxPollMsg(uint8_t*, uint16_t, uint32_t)	24	static
../Core/Src/sensors/ubloxm9n2/ubloxm9n2.cc:203:6:bool ReadUbloxM9n2::ResetGps()	32	static
../Core/Src/sensors/ubloxm9n2/ubloxm9n2.cc:253:6:bool ReadUbloxM9n2::UbxSaveCfg(uint32_t)	48	static
../Core/Src/sensors/ubloxm9n2/ubloxm9n2.cc:284:6:bool ReadUbloxM9n2::GetVersion()	248	static
../Core/Src/sensors/ubloxm9n2/ubloxm9n2.cc:320:6:bool ReadUbloxM9n2::ConfigGpsUart1(uint32_t)	128	dynamic,bounded
../Core/Src/sensors/ubloxm9n2/ubloxm9n2.cc:420:6:bool ReadUbloxM9n2::ConfigPrtProtocol(uint8_t, uint16_t)	160	dynamic,bounded
../Core/Src/sensors/ubloxm9n2/ubloxm9n2.cc:516:6:bool ReadUbloxM9n2::ConfigAuxPrts()	8	static
../Core/Src/sensors/ubloxm9n2/ubloxm9n2.cc:557:6:bool ReadUbloxM9n2::ConfigNav5()	152	dynamic,bounded
../Core/Src/sensors/ubloxm9n2/ubloxm9n2.cc:634:6:bool ReadUbloxM9n2::EnableNavPvtMsg()	40	static
../Core/Src/sensors/ubloxm9n2/ubloxm9n2.cc:663:6:bool ReadUbloxM9n2::DisableNavPvtMsg()	40	static
../Core/Src/sensors/ubloxm9n2/ubloxm9n2.cc:692:6:void ReadUbloxM9n2::GetCurrentBaudrate()	32	static
../Core/Src/sensors/ubloxm9n2/ubloxm9n2.cc:728:6:bool ReadUbloxM9n2::ConfigGpsMeasRate(uint16_t, uint8_t)	72	static
../Core/Src/sensors/ubloxm9n2/ubloxm9n2.cc:709:6:bool ReadUbloxM9n2::InitGps(uint32_t, uint16_t, uint8_t)	40	static
../Core/Src/sensors/ubloxm9n2/ubloxm9n2.cc:804:6:void ReadUbloxM9n2::StartNavPvtMsg()	24	static
../Core/Src/sensors/ubloxm9n2/ubloxm9n2.cc:814:6:bool ReadUbloxM9n2::IsNavPvtFrameNew()	0	static
../Core/Src/sensors/ubloxm9n2/ubloxm9n2.cc:825:6:void ReadUbloxM9n2::SetDataReadyFlag()	0	static
../Core/Src/sensors/ubloxm9n2/ubloxm9n2.cc:829:6:static void ReadUbloxM9n2::ReceivedNewNavPvtFrame()	0	static
../Core/Src/sensors/ubloxm9n2/ubloxm9n2.cc:835:6:void ReadUbloxM9n2::ProcessNavPvtFrame()	8	static
../Core/Src/sensors/ubloxm9n2/ubloxm9n2.cc:863:6:virtual void ReadUbloxM9n2::Run()	48	static
