../Core/Src/usb_console/usb_console.cc:12:13:static UsbConsole& UsbConsole::Instance()	0	static
../Core/Src/usb_console/usb_console.cc:18:6:void UsbConsole::OnUsbDataReceived(const char*, size_t)	32	static
../Core/Src/usb_console/usb_console.cc:55:6:void UsbConsole::GetLatestRawCommand(char*, size_t)	8	static
../Core/Src/usb_console/usb_console.cc:68:12:UsbCommand UsbConsole::ParseCommand(const char*)	8	static
../Core/Src/usb_console/usb_console.cc:76:12:UsbCommand UsbConsole::GetLatestCommand()	0	static
../Core/Src/usb_console/usb_console.cc:81:6:bool UsbConsole::HasNewCommand() const	0	static
