../Core/Src/sensors/icm20948/icm20948.h:17:7:ReadIcm20948::~ReadIcm20948()	0	static
../Core/Src/sensors/icm20948/icm20948.h:17:7:virtual ReadIcm20948::~ReadIcm20948()	8	static
../Core/Inc/task_manager/task_base.h:46:39:void __tcf_0()	0	static
../Core/Src/sensors/icm20948/icm20948.cc:17:1:ReadIcm20948::ReadIcm20948(I2C_HandleTypeDef*)	40	static
../Core/Src/sensors/icm20948/icm20948.cc:27:19:HAL_StatusTypeDef ReadIcm20948::Icm20948Write(uint8_t, uint8_t*, uint16_t, uint32_t)	48	static
../Core/Src/sensors/icm20948/icm20948.cc:54:19:HAL_StatusTypeDef ReadIcm20948::Icm20948Read(uint8_t, uint8_t*, uint16_t, uint32_t)	48	static
../Core/Src/sensors/icm20948/icm20948.cc:80:6:bool ReadIcm20948::Icm20948ChangeRegBank(uint8_t)	56	static
../Core/Src/sensors/icm20948/icm20948.cc:339:6:bool ReadIcm20948::Icm20948Slv4ReadWriteByte(uint8_t, bool, uint8_t*)	72	static
../Core/Src/sensors/icm20948/icm20948.cc:103:6:bool ReadIcm20948::Icm20948TestConnection()	48	static
../Core/Src/sensors/icm20948/icm20948.cc:126:6:bool ReadIcm20948::Icm20948SwReset()	48	static
../Core/Src/sensors/icm20948/icm20948.cc:161:6:bool ReadIcm20948::Icm20948ConfigAccels()	48	static
../Core/Src/sensors/icm20948/icm20948.cc:191:6:bool ReadIcm20948::Icm20948ConfigGyros()	48	static
../Core/Src/sensors/icm20948/icm20948.cc:222:6:bool ReadIcm20948::Ic20948DisableI2cMstPassThrough()	56	static
../Core/Src/sensors/icm20948/icm20948.cc:242:6:bool ReadIcm20948::Ic20948EnableI2cMst()	64	static
../Core/Src/sensors/icm20948/icm20948.cc:263:6:bool ReadIcm20948::Ic20948ResetI2cMst()	56	static
../Core/Src/sensors/icm20948/icm20948.cc:282:6:bool ReadIcm20948::Icm20948ConfigMag()	96	static
../Core/Src/sensors/icm20948/icm20948.cc:339:6:bool ReadIcm20948::Icm20948Slv4ReadWriteByte(uint8_t, bool, uint8_t*)	80	static
../Core/Src/sensors/icm20948/icm20948.cc:386:6:bool ReadIcm20948::Icm20948StartSlv0MagRead()	56	static
../Core/Src/sensors/icm20948/icm20948.cc:416:6:bool ReadIcm20948::Icm20948SetSampleMode()	48	static
../Core/Src/sensors/icm20948/icm20948.cc:462:6:bool ReadIcm20948::Icm20948Init()	56	static
../Core/Src/sensors/icm20948/icm20948.cc:490:6:virtual void ReadIcm20948::Run()	136	static
../Core/Src/sensors/icm20948/icm20948.cc:537:6:static void ReadIcm20948::DmaCompleteCallback(I2C_HandleTypeDef*)	16	static,ignoring_inline_asm
../Core/Src/sensors/icm20948/icm20948.cc:545:17:void HAL_I2C_MemRxCpltCallback(I2C_HandleTypeDef*)	16	static,ignoring_inline_asm
../Core/Src/sensors/icm20948/icm20948.cc:554:6:void ReadIcm20948::Icm20948GetData(ImuData*)	8	static
../Core/Src/sensors/icm20948/icm20948.cc:590:1:cc)	0	static
