../Core/Src/sensors/bmp390l/bmp390l.h:16:7:ReadBmp390l::~ReadBmp390l()	0	static
../Core/Src/sensors/bmp390l/bmp390l.h:16:7:virtual ReadBmp390l::~ReadBmp390l()	8	static
../Core/Inc/task_manager/task_base.h:46:39:void __tcf_0()	0	static
../Core/Src/sensors/bmp390l/bmp390l.cc:13:1:ReadBmp390l::ReadBmp390l(SPI_HandleTypeDef*)	40	static
../Core/Src/sensors/bmp390l/bmp390l.cc:18:6:bool ReadBmp390l::WriteSingleRegister(uint8_t, uint8_t)	24	static
../Core/Src/sensors/bmp390l/bmp390l.cc:32:6:bool ReadBmp390l::ReadSingleRegister(uint8_t)	16	static
../Core/Src/sensors/bmp390l/bmp390l.cc:46:6:bool ReadBmp390l::ReadMultipleRegisters(uint8_t, uint8_t)	24	static
../Core/Src/sensors/bmp390l/bmp390l.cc:61:6:bool ReadBmp390l::Bmp390lInit()	64	static
../Core/Src/sensors/bmp390l/bmp390l.cc:258:6:virtual void ReadBmp390l::Run()	72	static
../Core/Src/sensors/bmp390l/bmp390l.cc:209:6:void ReadBmp390l::Bmp390lGetPressAndTemp()	24	static
../Core/Src/sensors/bmp390l/bmp390l.cc:287:1:cc)	0	static
