../Core/Src/rc_sbus/rc_sbus.h:22:13:RcSbus::~RcSbus()	0	static
../Core/Src/rc_sbus/rc_sbus.h:22:13:virtual RcSbus::~RcSbus()	8	static
../Core/Inc/task_manager/task_base.h:46:39:void __tcf_0()	0	static
../Core/Src/rc_sbus/rc_sbus.cc:17:1:RcSbus::RcSbus(UART_HandleTypeDef*)	40	static
../Core/Src/rc_sbus/rc_sbus.cc:23:6:void RcSbus::RcSbusInit()	8	static
../Core/Src/rc_sbus/rc_sbus.cc:29:6:static void RcSbus::ReceivedNewSbusFrame(uint8_t)	8	static
../Core/Src/rc_sbus/rc_sbus.cc:66:6:void RcSbus::DecodeSbusFrame()	80	static
../Core/Src/rc_sbus/rc_sbus.cc:35:6:virtual void RcSbus::Run()	32	static
../Core/Src/rc_sbus/rc_sbus.cc:146:6:void RcSbus::RestartDma()	8	static
../Core/Src/rc_sbus/rc_sbus.cc:152:1:cc)	0	static
