../Core/Src/sensors/ubloxm9n/ubloxm9n.h:25:10:ReadUbloxM9n::~ReadUbloxM9n()	0	static
../Core/Src/sensors/ubloxm9n/ubloxm9n.h:25:10:virtual ReadUbloxM9n::~ReadUbloxM9n()	8	static
../Core/Inc/task_manager/task_base.h:46:39:void __tcf_0()	0	static
../Core/Src/sensors/ubloxm9n/ubloxm9n.cc:24:1:ReadUbloxM9n::ReadUbloxM9n(UART_HandleTypeDef*, I2C_HandleTypeDef*)	48	static
../Core/Src/sensors/ubloxm9n/ubloxm9n.cc:38:6:void ReadUbloxM9n::UbloxM9nUartInit(uint32_t)	16	static
../Core/Src/sensors/ubloxm9n/ubloxm9n.cc:76:6:void ReadUbloxM9n::SetBaudrate(uint32_t)	16	static
../Core/Src/sensors/ubloxm9n/ubloxm9n.cc:80:6:void ReadUbloxM9n::FlushUartDataRegister()	8	static
../Core/Src/sensors/ubloxm9n/ubloxm9n.cc:99:6:void ReadUbloxM9n::CalculateChecksum(uint8_t*, uint16_t, uint8_t*, uint8_t*)	4	static
../Core/Src/sensors/ubloxm9n/ubloxm9n.cc:114:6:bool ReadUbloxM9n::TxI2cUbxPollCmd(const UbxMessage*, uint32_t)	32	dynamic
../Core/Src/sensors/ubloxm9n/ubloxm9n.cc:149:6:bool ReadUbloxM9n::RxI2cUbxPollMsgAck(uint8_t*, uint16_t, uint32_t)	24	static
../Core/Src/sensors/ubloxm9n/ubloxm9n.cc:177:6:bool ReadUbloxM9n::RxI2cUbxPollMsg(uint8_t*, uint16_t, uint32_t)	24	static
../Core/Src/sensors/ubloxm9n/ubloxm9n.cc:202:6:bool ReadUbloxM9n::ResetGps()	40	static
../Core/Src/sensors/ubloxm9n/ubloxm9n.cc:231:6:bool ReadUbloxM9n::UbxSaveCfg(uint32_t)	56	static
../Core/Src/sensors/ubloxm9n/ubloxm9n.cc:264:6:bool ReadUbloxM9n::GetVersion()	240	static
../Core/Src/sensors/ubloxm9n/ubloxm9n.cc:302:6:bool ReadUbloxM9n::ConfigGpsUart1(uint32_t)	136	dynamic,bounded
../Core/Src/sensors/ubloxm9n/ubloxm9n.cc:398:6:bool ReadUbloxM9n::ConfigPrtProtocol(uint8_t, uint16_t)	168	dynamic,bounded
../Core/Src/sensors/ubloxm9n/ubloxm9n.cc:498:6:bool ReadUbloxM9n::ConfigAuxPrts()	8	static
../Core/Src/sensors/ubloxm9n/ubloxm9n.cc:539:6:bool ReadUbloxM9n::ConfigNav5()	152	dynamic,bounded
../Core/Src/sensors/ubloxm9n/ubloxm9n.cc:621:6:bool ReadUbloxM9n::EnableNavPvtMsg()	48	static
../Core/Src/sensors/ubloxm9n/ubloxm9n.cc:652:6:bool ReadUbloxM9n::DisableNavPvtMsg()	48	static
../Core/Src/sensors/ubloxm9n/ubloxm9n.cc:699:6:bool ReadUbloxM9n::ConfigGpsMeasRate(uint16_t, uint8_t)	88	static
../Core/Src/sensors/ubloxm9n/ubloxm9n.cc:683:6:bool ReadUbloxM9n::InitGps(uint32_t, uint16_t, uint8_t)	48	static
../Core/Src/sensors/ubloxm9n/ubloxm9n.cc:780:6:void ReadUbloxM9n::StartNavPvtMsg()	16	static
../Core/Src/sensors/ubloxm9n/ubloxm9n.cc:792:6:bool ReadUbloxM9n::IsNavPvtFrameNew()	0	static
../Core/Src/sensors/ubloxm9n/ubloxm9n.cc:803:6:void ReadUbloxM9n::SetDataReadyFlag()	0	static
../Core/Src/sensors/ubloxm9n/ubloxm9n.cc:807:6:static void ReadUbloxM9n::ReceivedNewNavPvtFrame()	0	static
../Core/Src/sensors/ubloxm9n/ubloxm9n.cc:813:6:void ReadUbloxM9n::ProcessNavPvtFrame()	16	static
../Core/Src/sensors/ubloxm9n/ubloxm9n.cc:838:6:virtual void ReadUbloxM9n::Run()	48	static
