../Core/Src/stm32h7xx_it.c:84:6:NMI_Handler	4	static
../Core/Src/stm32h7xx_it.c:99:6:HardFault_Handler	4	static
../Core/Src/stm32h7xx_it.c:114:6:MemManage_Handler	4	static
../Core/Src/stm32h7xx_it.c:129:6:BusFault_Handler	4	static
../Core/Src/stm32h7xx_it.c:144:6:UsageFault_Handler	4	static
../Core/Src/stm32h7xx_it.c:159:6:DebugMon_Handler	4	static
../Core/Src/stm32h7xx_it.c:179:6:DMA1_Stream0_IRQHandler	8	static
../Core/Src/stm32h7xx_it.c:193:6:DMA1_Stream1_IRQHandler	8	static
../Core/Src/stm32h7xx_it.c:207:6:DMA1_Stream2_IRQHandler	8	static
../Core/Src/stm32h7xx_it.c:221:6:DMA1_Stream3_IRQHandler	8	static
../Core/Src/stm32h7xx_it.c:235:6:DMA1_Stream4_IRQHandler	8	static
../Core/Src/stm32h7xx_it.c:249:6:DMA1_Stream5_IRQHandler	8	static
../Core/Src/stm32h7xx_it.c:263:6:DMA1_Stream6_IRQHandler	8	static
../Core/Src/stm32h7xx_it.c:277:6:TIM1_UP_IRQHandler	8	static
../Core/Src/stm32h7xx_it.c:291:6:I2C2_EV_IRQHandler	8	static
../Core/Src/stm32h7xx_it.c:305:6:DMA1_Stream7_IRQHandler	8	static
../Core/Src/stm32h7xx_it.c:319:6:SDMMC1_IRQHandler	8	static
../Core/Src/stm32h7xx_it.c:333:6:UART4_IRQHandler	8	static
../Core/Src/stm32h7xx_it.c:350:6:TIM6_DAC_IRQHandler	8	static
../Core/Src/stm32h7xx_it.c:364:6:DMA2_Stream0_IRQHandler	8	static
../Core/Src/stm32h7xx_it.c:378:6:OTG_FS_IRQHandler	8	static
