../Core/Src/sensors/ubloxm9n_rb/ubloxm9n_rb.h:25:10:ReadUbloxM9nRb::~ReadUbloxM9nRb()	0	static
../Core/Src/sensors/ubloxm9n_rb/ubloxm9n_rb.h:25:10:virtual ReadUbloxM9nRb::~ReadUbloxM9nRb()	8	static
../Core/Src/sensors/ubloxm9n_rb/ubloxm9n_rb.cc:182:6:bool ReadUbloxM9nRb::RxUartUbxPollMsg(uint8_t*, uint16_t, uint32_t)	16	static
../Core/Inc/task_manager/task_base.h:46:39:void __tcf_0()	0	static
../Core/Src/sensors/ubloxm9n_rb/ubloxm9n_rb.cc:30:1:ReadUbloxM9nRb::ReadUbloxM9nRb(UART_HandleTypeDef*)	40	static
../Core/Src/sensors/ubloxm9n_rb/ubloxm9n_rb.cc:43:6:void ReadUbloxM9nRb::UbloxM9nUartInit(uint32_t)	16	static
../Core/Src/sensors/ubloxm9n_rb/ubloxm9n_rb.cc:81:6:void ReadUbloxM9nRb::SetBaudrate(uint32_t)	16	static
../Core/Src/sensors/ubloxm9n_rb/ubloxm9n_rb.cc:85:6:void ReadUbloxM9nRb::FlushUartDataRegister()	8	static
../Core/Src/sensors/ubloxm9n_rb/ubloxm9n_rb.cc:104:6:void ReadUbloxM9nRb::CalculateChecksum(uint8_t*, uint16_t, uint8_t*, uint8_t*)	4	static
../Core/Src/sensors/ubloxm9n_rb/ubloxm9n_rb.cc:119:6:bool ReadUbloxM9nRb::TxUartUbxPollCmd(const UbxMessage*, uint32_t)	24	dynamic
../Core/Src/sensors/ubloxm9n_rb/ubloxm9n_rb.cc:154:6:bool ReadUbloxM9nRb::RxUartUbxPollMsgAck(uint8_t*, uint16_t, uint32_t)	16	static
../Core/Src/sensors/ubloxm9n_rb/ubloxm9n_rb.cc:182:6:bool ReadUbloxM9nRb::RxUartUbxPollMsg(uint8_t*, uint16_t, uint32_t)	24	static
../Core/Src/sensors/ubloxm9n_rb/ubloxm9n_rb.cc:210:6:bool ReadUbloxM9nRb::ResetGps()	32	static
../Core/Src/sensors/ubloxm9n_rb/ubloxm9n_rb.cc:260:6:bool ReadUbloxM9nRb::UbxSaveCfg(uint32_t)	48	static
../Core/Src/sensors/ubloxm9n_rb/ubloxm9n_rb.cc:291:6:bool ReadUbloxM9nRb::GetVersion()	248	static
../Core/Src/sensors/ubloxm9n_rb/ubloxm9n_rb.cc:327:6:bool ReadUbloxM9nRb::ConfigGpsUart1(uint32_t)	128	dynamic,bounded
../Core/Src/sensors/ubloxm9n_rb/ubloxm9n_rb.cc:427:6:bool ReadUbloxM9nRb::ConfigPrtProtocol(uint8_t, uint16_t)	160	dynamic,bounded
../Core/Src/sensors/ubloxm9n_rb/ubloxm9n_rb.cc:523:6:bool ReadUbloxM9nRb::ConfigAuxPrts()	8	static
../Core/Src/sensors/ubloxm9n_rb/ubloxm9n_rb.cc:564:6:bool ReadUbloxM9nRb::ConfigNav5()	152	dynamic,bounded
../Core/Src/sensors/ubloxm9n_rb/ubloxm9n_rb.cc:641:6:bool ReadUbloxM9nRb::EnableNavPvtMsg()	40	static
../Core/Src/sensors/ubloxm9n_rb/ubloxm9n_rb.cc:670:6:bool ReadUbloxM9nRb::DisableNavPvtMsg()	40	static
../Core/Src/sensors/ubloxm9n_rb/ubloxm9n_rb.cc:699:6:void ReadUbloxM9nRb::GetCurrentBaudrate()	32	static
../Core/Src/sensors/ubloxm9n_rb/ubloxm9n_rb.cc:735:6:bool ReadUbloxM9nRb::ConfigGpsMeasRate(uint16_t, uint8_t)	72	static
../Core/Src/sensors/ubloxm9n_rb/ubloxm9n_rb.cc:716:6:bool ReadUbloxM9nRb::InitGps(uint32_t, uint16_t, uint8_t)	40	static
../Core/Src/sensors/ubloxm9n_rb/ubloxm9n_rb.cc:811:6:void ReadUbloxM9nRb::StartNavPvtMsg()	24	static
../Core/Src/sensors/ubloxm9n_rb/ubloxm9n_rb.cc:848:6:void ReadUbloxM9nRb::ProcessNavPvtFrame()	160	static
../Core/Src/sensors/ubloxm9n_rb/ubloxm9n_rb.cc:920:6:virtual void ReadUbloxM9nRb::Run()	40	static
../Core/Src/sensors/ubloxm9n_rb/ubloxm9n_rb.cc:957:1:cc)	0	static
