../Core/Src/sensors/ubloxm9n_rb/ubloxm9n_rb.h:25:10:ReadUbloxM9nRb::~ReadUbloxM9nRb()	0	static
../Core/Src/sensors/ubloxm9n_rb/ubloxm9n_rb.h:25:10:virtual ReadUbloxM9nRb::~ReadUbloxM9nRb()	8	static
../Core/Inc/task_manager/task_base.h:46:39:void __tcf_0()	0	static
../Core/Src/sensors/ubloxm9n_rb/ubloxm9n_rb.cc:22:1:ReadUbloxM9nRb::ReadUbloxM9nRb(UART_HandleTypeDef*)	40	static
../Core/Src/sensors/ubloxm9n_rb/ubloxm9n_rb.cc:35:6:void ReadUbloxM9nRb::UbloxM9nUartInit(uint32_t)	16	static
../Core/Src/sensors/ubloxm9n_rb/ubloxm9n_rb.cc:73:6:void ReadUbloxM9nRb::SetBaudrate(uint32_t)	24	static
../Core/Src/sensors/ubloxm9n_rb/ubloxm9n_rb.cc:84:6:void ReadUbloxM9nRb::FlushUartDataRegister()	8	static
../Core/Src/sensors/ubloxm9n_rb/ubloxm9n_rb.cc:103:6:void ReadUbloxM9nRb::CalculateChecksum(uint8_t*, uint16_t, uint8_t*, uint8_t*)	4	static
../Core/Src/sensors/ubloxm9n_rb/ubloxm9n_rb.cc:117:6:bool ReadUbloxM9nRb::TxUartUbxPollCmd(const UbxMessage*, uint16_t)	32	dynamic
../Core/Src/sensors/ubloxm9n_rb/ubloxm9n_rb.cc:165:6:bool ReadUbloxM9nRb::ResetGps()	32	static
../Core/Src/sensors/ubloxm9n_rb/ubloxm9n_rb.cc:836:6:bool ReadUbloxM9nRb::ProcessUbloxFrame()	16	static
../Core/Src/sensors/ubloxm9n_rb/ubloxm9n_rb.cc:151:6:bool ReadUbloxM9nRb::RxUartUbxPollMsg(uint8_t, uint8_t, uint16_t)	32	static
../Core/Src/sensors/ubloxm9n_rb/ubloxm9n_rb.cc:662:6:bool ReadUbloxM9nRb::DisableNavPvtMsg()	48	static
../Core/Src/sensors/ubloxm9n_rb/ubloxm9n_rb.cc:626:6:bool ReadUbloxM9nRb::EnableNavPvtMsg()	56	static
../Core/Src/sensors/ubloxm9n_rb/ubloxm9n_rb.cc:193:6:bool ReadUbloxM9nRb::UbxSaveCfg(uint32_t)	56	static
../Core/Src/sensors/ubloxm9n_rb/ubloxm9n_rb.cc:230:6:bool ReadUbloxM9nRb::GetVersion()	248	static
../Core/Src/sensors/ubloxm9n_rb/ubloxm9n_rb.cc:697:6:void ReadUbloxM9nRb::GetCurrentBaudrate()	48	static
../Core/Src/sensors/ubloxm9n_rb/ubloxm9n_rb.cc:268:6:bool ReadUbloxM9nRb::ConfigGpsUart1(uint32_t)	136	dynamic,bounded
../Core/Src/sensors/ubloxm9n_rb/ubloxm9n_rb.cc:527:6:bool ReadUbloxM9nRb::ConfigNav5()	144	dynamic,bounded
../Core/Src/sensors/ubloxm9n_rb/ubloxm9n_rb.cc:733:6:bool ReadUbloxM9nRb::ConfigGpsMeasRate(uint16_t, uint8_t)	56	static
../Core/Src/sensors/ubloxm9n_rb/ubloxm9n_rb.cc:381:6:bool ReadUbloxM9nRb::ConfigPrtProtocol(uint8_t, uint16_t)	128	dynamic,bounded
../Core/Src/sensors/ubloxm9n_rb/ubloxm9n_rb.cc:486:6:bool ReadUbloxM9nRb::ConfigAuxPrts()	8	static
../Core/Src/sensors/ubloxm9n_rb/ubloxm9n_rb.cc:713:6:bool ReadUbloxM9nRb::InitGps(uint32_t, uint16_t, uint8_t)	40	static
../Core/Src/sensors/ubloxm9n_rb/ubloxm9n_rb.cc:941:6:virtual void ReadUbloxM9nRb::Run()	80	static
../Core/Src/sensors/ubloxm9n_rb/ubloxm9n_rb.cc:859:6:bool ReadUbloxM9nRb::ParseUbx(uint8_t)	0	static
../Core/Src/sensors/ubloxm9n_rb/ubloxm9n_rb.cc:996:1:cc)	0	static
