../Core/Src/state_estimator/stateEstimatorAutocode/stateEstimatorEskf.cpp:48:6:void stateEstimatorEskf::stateEstimatorEskf_INITIALIZE(enumStateEstimateMode*, boolean_T*, boolean_T*, real32_T*, boolean_T*, real32_T*, const busMagData*, const busGpsData*, const busBaroData*, const busStateEstSmParams*)	96	static
../Core/Src/state_estimator/stateEstimatorAutocode/stateEstimatorEskf.cpp:637:6:void stateEstimatorEskf::state_enter_atomic_RUN_INIT_GPS(enumStateEstimateMode*, boolean_T*, boolean_T*, real32_T*, boolean_T*, real32_T*, const busMagData*, const busGpsData*, const busBaroData*)	16	static
../Core/Src/state_estimator/stateEstimatorAutocode/stateEstimatorEskf.cpp:726:6:void stateEstimatorEskf::init(busStateEstimatorDebug*)	272	static
../Core/Src/state_estimator/stateEstimatorAutocode/stateEstimatorEskf.cpp:811:6:void stateEstimatorEskf::step(const busImuData*, const busMagData*, const busGpsData*, const busBaroData*, const busLidarData*, const busImuNtchFiltParams*, const busAccelParams*, const busMagParams*, const busLidarParams*, const busStateEstSmParams*, const real32_T*, const real32_T*, const real32_T*, const real32_T*, real32_T*, real32_T*, real32_T*, real32_T*, real32_T*, busStateEstimatorDebug*)	5320	static
../Core/Src/state_estimator/stateEstimatorAutocode/stateEstimatorEskf.cpp:3372:1:stateEstimatorEskf::stateEstimatorEskf()	8	static
../Core/Src/state_estimator/stateEstimatorAutocode/stateEstimatorEskf.cpp:3379:1:stateEstimatorEskf::~stateEstimatorEskf()	0	static
