../Core/Src/state_estimator/stateEstimatorAutocode/stateEstimatorEskfAutocode.cpp:25:6:void stateEstimatorAutocode::step()	88	static
../Core/Src/state_estimator/stateEstimatorAutocode/stateEstimatorEskfAutocode.cpp:69:6:void stateEstimatorAutocode::initialize()	0	static
../Core/Src/state_estimator/stateEstimatorAutocode/stateEstimatorEskfAutocode.cpp:78:6:static void stateEstimatorAutocode::terminate()	0	static
../Core/Src/state_estimator/stateEstimatorAutocode/stateEstimatorEskfAutocode.cpp:84:1:stateEstimatorAutocode::stateEstimatorAutocode()	8	static
../Core/Src/state_estimator/stateEstimatorAutocode/stateEstimatorEskfAutocode.cpp:92:1:stateEstimatorAutocode::~stateEstimatorAutocode()	8	static
