../Core/Src/state_estimator/stateEstimatorAutocode/stateEstimatorEskfAutocode.cpp:25:6:void stateEstimatorAutocode::step()	96	static
../Core/Src/state_estimator/stateEstimatorAutocode/stateEstimatorEskfAutocode.cpp:73:6:void stateEstimatorAutocode::initialize()	0	static
../Core/Src/state_estimator/stateEstimatorAutocode/stateEstimatorEskfAutocode.cpp:82:6:static void stateEstimatorAutocode::terminate()	0	static
../Core/Src/state_estimator/stateEstimatorAutocode/stateEstimatorEskfAutocode.cpp:88:1:stateEstimatorAutocode::stateEstimatorAutocode()	8	static
../Core/Src/state_estimator/stateEstimatorAutocode/stateEstimatorEskfAutocode.cpp:96:1:stateEstimatorAutocode::~stateEstimatorAutocode()	8	static
