../Core/Src/state_estimator/stateEstimatorAutocode/stateEstimatorEskf.cpp:58:6:static void stateEstimatorEskf::ComputeFilterNumeratorAndDenomi(const real32_T*, real32_T*, real32_T*, real_T)	0	static
../Core/Src/state_estimator/stateEstimatorAutocode/stateEstimatorEskf.cpp:125:6:void stateEstimatorEskf::stateEstimatorEskf_INITIALIZE(enumStateEstimateMode*, real_T*, const real32_T*, const real32_T*, const real32_T*, const busMagData*, const busGpsData*, const busBaroData*, const busStateEstSmParams*)	120	static
../Core/Src/state_estimator/stateEstimatorAutocode/stateEstimatorEskf.cpp:711:6:void stateEstimatorEskf::state_enter_atomic_RUN_INIT_GPS(enumStateEstimateMode*, real_T*, const real32_T*, const real32_T*, const real32_T*, const busMagData*, const busGpsData*, const busBaroData*)	20	static
../Core/Src/state_estimator/stateEstimatorAutocode/stateEstimatorEskf.cpp:801:6:void stateEstimatorEskf::init(busStateEstimatorDebug*)	272	static
../Core/Src/state_estimator/stateEstimatorAutocode/stateEstimatorEskf.cpp:926:6:void stateEstimatorEskf::step(const busImuData*, const busMagData*, const busGpsData*, const busBaroData*, const busLidarData*, const busMtf01pData*, const busImuNtchFiltParams*, const busAccelParams*, const busMagParams*, const busLidarParams*, const busMtf01pParams*, const busStateEstSmParams*, const real32_T*, const real32_T*, const real32_T*, const real32_T*, real32_T*, real32_T*, real32_T*, real32_T*, real32_T*, busStateEstimatorDebug*)	6864	static
../Core/Src/state_estimator/stateEstimatorAutocode/stateEstimatorEskf.cpp:3895:1:stateEstimatorEskf::stateEstimatorEskf()	8	static
../Core/Src/state_estimator/stateEstimatorAutocode/stateEstimatorEskf.cpp:3902:1:stateEstimatorEskf::~stateEstimatorEskf()	0	static
