../Core/Src/state_estimator/stateEstimatorAutocode/stateEstimator.cpp:45:6:void stateEstimator::stateEstimator_INITIALIZE(enumStateEstimateMode*, boolean_T*, boolean_T*, real32_T*, boolean_T*, real32_T*, const busMagData*, const busGpsData*, const busBaroData*, const busStateEstSmParams*)	96	static
../Core/Src/state_estimator/stateEstimatorAutocode/stateEstimator.cpp:701:6:void stateEstimator::state_enter_atomic_RUN_INIT_GPS(enumStateEstimateMode*, boolean_T*, boolean_T*, real32_T*, boolean_T*, real32_T*, const busMagData*, const busGpsData*, const busBaroData*)	20	static
../Core/Src/state_estimator/stateEstimatorAutocode/stateEstimator.cpp:789:6:void stateEstimator::init(busStateEstimatorDebug*)	16	static
../Core/Src/state_estimator/stateEstimatorAutocode/stateEstimator.cpp:828:6:void stateEstimator::step(const busImuData*, const busMagData*, const busGpsData*, const busBaroData*, const busLidarData*, const busImuNtchFiltParams*, const busAccelParams*, const busMagParams*, const busLidarParams*, const busStateEstSmParams*, const real32_T*, const real32_T*, const real32_T*, const real32_T*, const real32_T*, const real32_T*, const real32_T*, real32_T*, real32_T*, real32_T*, real32_T*, real32_T*, busStateEstimatorDebug*)	10608	static
../Core/Src/state_estimator/stateEstimatorAutocode/stateEstimator.cpp:4161:1:stateEstimator::stateEstimator()	8	static
../Core/Src/state_estimator/stateEstimatorAutocode/stateEstimator.cpp:4168:1:stateEstimator::~stateEstimator()	0	static
