../Core/Src/pwm_cmds/pwm_cmds_dshot.h:35:7:PwmCmdsDshot::~PwmCmdsDshot()	0	static
../Core/Src/pwm_cmds/pwm_cmds_dshot.h:35:7:virtual PwmCmdsDshot::~PwmCmdsDshot()	8	static
../Core/Inc/task_manager/task_base.h:46:39:void __tcf_0()	0	static
../Core/Src/pwm_cmds/pwm_cmds_dshot.cc:19:1:PwmCmdsDshot::PwmCmdsDshot(TIM_HandleTypeDef*, TIM_HandleTypeDef*, TIM_HandleTypeDef*, uint16_t)	56	static
../Core/Src/pwm_cmds/pwm_cmds_dshot.cc:28:10:uint32_t PwmCmdsDshot::GetTimerClockHz(TIM_HandleTypeDef*)	48	static
../Core/Src/pwm_cmds/pwm_cmds_dshot.cc:55:6:void PwmCmdsDshot::ComputeTiming(TIM_HandleTypeDef*)	16	static
../Core/Src/pwm_cmds/pwm_cmds_dshot.cc:93:10:uint16_t PwmCmdsDshot::CreatePacket(uint16_t)	0	static
../Core/Src/pwm_cmds/pwm_cmds_dshot.cc:171:13:const char* PwmCmdsDshot::ChannelToStr(uint32_t)	0	static
../Core/Src/pwm_cmds/pwm_cmds_dshot.cc:181:11:uint32_t* PwmCmdsDshot::GetDmaBuffer(TIM_HandleTypeDef*, uint32_t)	16	static
../Core/Src/pwm_cmds/pwm_cmds_dshot.cc:115:6:void PwmCmdsDshot::EncodePacket(uint16_t, TIM_HandleTypeDef*, uint32_t)	16	static
../Core/Src/pwm_cmds/pwm_cmds_dshot.cc:138:6:0(TIM_HandleTypeDef*, uint32_t, uint16_t)	24	static
../Core/Src/pwm_cmds/pwm_cmds_dshot.cc:138:6:void PwmCmdsDshot::SendCmd(TIM_HandleTypeDef*, uint32_t, uint16_t)	4	static
../Core/Src/pwm_cmds/pwm_cmds_dshot.cc:72:6:void PwmCmdsDshot::ArmEsc(TIM_HandleTypeDef*, uint32_t)	32	static
../Core/Src/pwm_cmds/pwm_cmds_dshot.cc:199:6:virtual void PwmCmdsDshot::Run()	56	static
../Core/Src/pwm_cmds/pwm_cmds_dshot.cc:329:6:void PwmCmdsDshot::OnPwmDmaComplete(TIM_HandleTypeDef*)	4	static
../Core/Src/pwm_cmds/pwm_cmds_dshot.cc:342:17:void HAL_TIM_PWM_PulseFinishedCallback(TIM_HandleTypeDef*)	4	static
