../Core/Src/pwm_cmds/pwm_cmds_analog.h:35:7:PwmCmds::~PwmCmds()	0	static
../Core/Src/pwm_cmds/pwm_cmds_analog.h:35:7:virtual PwmCmds::~PwmCmds()	8	static
../Core/Src/pwm_cmds/pwm_cmds_analog.cc:49:6:virtual void PwmCmds::Run()	56	static
../Core/Inc/task_manager/task_base.h:46:39:void __tcf_0()	0	static
../Core/Src/pwm_cmds/pwm_cmds_analog.cc:19:1:PwmCmds::PwmCmds(TIM_HandleTypeDef*, TIM_HandleTypeDef*, TIM_HandleTypeDef*)	48	static
../Core/Src/pwm_cmds/pwm_cmds_analog.cc:27:13:const char* PwmCmds::ChannelToStr(uint32_t)	0	static
../Core/Src/pwm_cmds/pwm_cmds_analog.cc:170:1:cc)	0	static
