../Core/Src/sensors/mtf01p/mtf01p.h:23:10:ReadMtf01p::~ReadMtf01p()	0	static
../Core/Src/sensors/mtf01p/mtf01p.h:23:10:virtual ReadMtf01p::~ReadMtf01p()	8	static
../Core/Inc/task_manager/task_base.h:46:39:void __tcf_0()	0	static
../Core/Src/sensors/mtf01p/mtf01p.cc:18:1:ReadMtf01p::ReadMtf01p(UART_HandleTypeDef*)	40	static
../Core/Src/sensors/mtf01p/mtf01p.cc:27:6:void ReadMtf01p::FlushUartDataRegister()	8	static
../Core/Src/sensors/mtf01p/mtf01p.cc:93:6:void ReadMtf01p::ProcessMicrolinkFrame()	104	static
../Core/Src/sensors/mtf01p/mtf01p.cc:35:6:virtual void ReadMtf01p::Run()	48	static
../Core/Src/sensors/mtf01p/mtf01p.cc:124:6:bool ReadMtf01p::ParseChar(uint8_t)	96	static
../Core/Src/sensors/mtf01p/mtf01p.cc:192:6:bool ReadMtf01p::ComputeCheckSum()	88	static
../Core/Src/sensors/mtf01p/mtf01p.cc:209:1:cc)	0	static
