../Core/Src/logger/logger.h:50:9:Logger::LogConfig<EkfData>::~LogConfig()	0	static
../Core/Src/logger/logger.h:50:9:Logger::LogConfig<GpsData>::~LogConfig()	0	static
../Core/Src/logger/logger.h:50:9:Logger::LogConfig<RcChannels>::~LogConfig()	0	static
../Core/Src/logger/logger.h:50:9:Logger::LogConfig<BaroData>::~LogConfig()	0	static
../Core/Src/logger/logger.h:50:9:Logger::LogConfig<ImuData>::~LogConfig()	0	static
../Core/Src/logger/logger.h:23:7:Logger::~Logger()	0	static
../Core/Src/logger/logger.h:23:7:virtual Logger::~Logger()	8	static
../Core/Src/logger/logger.h:50:9:virtual Logger::LogConfig<ImuData>::~LogConfig()	8	static
../Core/Src/logger/logger.h:50:9:virtual Logger::LogConfig<BaroData>::~LogConfig()	8	static
../Core/Src/logger/logger.h:50:9:virtual Logger::LogConfig<RcChannels>::~LogConfig()	8	static
../Core/Src/logger/logger.h:50:9:virtual Logger::LogConfig<GpsData>::~LogConfig()	8	static
../Core/Src/logger/logger.h:50:9:virtual Logger::LogConfig<EkfData>::~LogConfig()	8	static
../Core/Src/logger/logger.cc:74:6:void Logger::WriteBuffered(const uint8_t*, size_t)	48	static
../Core/Src/logger/logger.h:58:10:void Logger::LogConfig<T>::TryLog(uint32_t, Logger*) [with T = EkfData]	288	static
../Core/Src/logger/logger.h:58:10:void Logger::LogConfig<T>::TryLog(uint32_t, Logger*) [with T = GpsData]	80	static
../Core/Src/logger/logger.h:58:10:void Logger::LogConfig<T>::TryLog(uint32_t, Logger*) [with T = RcChannels]	64	static
../Core/Src/logger/logger.h:58:10:void Logger::LogConfig<T>::TryLog(uint32_t, Logger*) [with T = BaroData]	48	static
../Core/Src/logger/logger.h:58:10:void Logger::LogConfig<T>::TryLog(uint32_t, Logger*) [with T = ImuData]	88	static
../Core/Inc/task_manager/task_base.h:46:39:void __tcf_0()	0	static
../Core/Src/logger/logger.cc:10:1:Logger::Logger()	40	static
../Core/Src/logger/logger.cc:15:6:void Logger::SetupTopics()	16	static
../Core/Src/logger/logger.cc:44:6:virtual void Logger::Run()	32	static
../Core/Src/logger/logger.cc:74:6:void Logger::WriteBuffered(const uint8_t*, size_t)	48	static
../Core/Src/logger/logger.cc:170:29:cc)	0	static
