/Applications/STM32CubeIDE.app/Contents/Eclipse/plugins/com.st.stm32cube.ide.mcu.externaltools.gnu-tools-for-stm32.12.3.rel1.macos64_1.0.200.202406191456/tools/arm-none-eabi/include/c++/12.3.1/new:174:33:void* operator new(std::size_t, void*)	16	static
../Core/Inc/task_manager/task_base.h:15:5:TaskBase::TaskBase(const char*, uint16_t, osPriority_t)	24	static
../Core/Inc/task_manager/task_base.h:24:13:TaskBase::~TaskBase()	16	static
../Core/Inc/task_manager/task_base.h:24:13:virtual TaskBase::~TaskBase()	16	static
/Applications/STM32CubeIDE.app/Contents/Eclipse/plugins/com.st.stm32cube.ide.mcu.externaltools.gnu-tools-for-stm32.12.3.rel1.macos64_1.0.200.202406191456/tools/arm-none-eabi/include/c++/12.3.1/bits/stl_vector.h:133:14:std::_Vector_base<TaskBase*, std::allocator<TaskBase*> >::_Vector_impl::~_Vector_impl()	16	static
/Applications/STM32CubeIDE.app/Contents/Eclipse/plugins/com.st.stm32cube.ide.mcu.externaltools.gnu-tools-for-stm32.12.3.rel1.macos64_1.0.200.202406191456/tools/arm-none-eabi/include/c++/12.3.1/bits/stl_vector.h:312:7:std::_Vector_base<_Tp, _Alloc>::_Vector_base() [with _Tp = TaskBase*; _Alloc = std::allocator<TaskBase*>]	16	static
/Applications/STM32CubeIDE.app/Contents/Eclipse/plugins/com.st.stm32cube.ide.mcu.externaltools.gnu-tools-for-stm32.12.3.rel1.macos64_1.0.200.202406191456/tools/arm-none-eabi/include/c++/12.3.1/bits/stl_vector.h:526:7:std::vector<_Tp, _Alloc>::vector() [with _Tp = TaskBase*; _Alloc = std::allocator<TaskBase*>]	16	static
../Core/Inc/task_manager/task_base.h:46:39:void __tcf_0()	8	static
../Core/Inc/task_manager/task_base.h:45:36:static std::vector<TaskBase*>& TaskBase::GetTaskList()	8	static
../Core/Inc/task_manager/task_base.h:50:17:static void TaskBase::RegisterTask(TaskBase*)	16	static
../Core/Inc/pubsub/pubsub_manager.h:14:27:static PubSubManager& PubSubManager::getInstance()	4	static
../Core/Inc/pubsub/pubsub_manager.h:59:13:uint8_t PubSubManager::registerSubscriber(TopicID)	24	static
../Core/Inc/pubsub/pubsub_manager.h:74:23:PubSubManager& pubSubManager()	8	static
../Core/Archive/Src/logger/logger.h:35:13:Logger::LogConfigBase::~LogConfigBase()	16	static
../Core/Archive/Src/logger/logger.h:35:13:virtual Logger::LogConfigBase::~LogConfigBase()	16	static
../Core/Archive/Src/logger/logger.cc:10:1:Logger::Logger()	16	static
../Core/Archive/Src/logger/logger.cc:17:6:bool Logger::SdInit()	24	static
../Core/Archive/Src/logger/logger.cc:46:6:void Logger::SetupTopics()	24	static
../Core/Archive/Src/logger/logger.cc:61:6:virtual void Logger::Run()	32	static
../Core/Archive/Src/logger/logger.cc:74:6:void Logger::WriteBuffered(const uint8_t*, size_t)	24	static
../Core/Archive/Src/logger/logger.cc:85:6:void Logger::FlushBuffer()	24	static
/Applications/STM32CubeIDE.app/Contents/Eclipse/plugins/com.st.stm32cube.ide.mcu.externaltools.gnu-tools-for-stm32.12.3.rel1.macos64_1.0.200.202406191456/tools/arm-none-eabi/include/c++/12.3.1/bits/stl_vector.h:137:2:std::_Vector_base<_Tp, _Alloc>::_Vector_impl::_Vector_impl() [with _Tp = TaskBase*; _Alloc = std::allocator<TaskBase*>]	16	static
/Applications/STM32CubeIDE.app/Contents/Eclipse/plugins/com.st.stm32cube.ide.mcu.externaltools.gnu-tools-for-stm32.12.3.rel1.macos64_1.0.200.202406191456/tools/arm-none-eabi/include/c++/12.3.1/bits/allocator.h:174:7:std::allocator< <template-parameter-1-1> >::~allocator() [with _Tp = TaskBase*]	16	static
/Applications/STM32CubeIDE.app/Contents/Eclipse/plugins/com.st.stm32cube.ide.mcu.externaltools.gnu-tools-for-stm32.12.3.rel1.macos64_1.0.200.202406191456/tools/arm-none-eabi/include/c++/12.3.1/bits/stl_vector.h:364:7:std::_Vector_base<_Tp, _Alloc>::~_Vector_base() [with _Tp = TaskBase*; _Alloc = std::allocator<TaskBase*>]	16	static
/Applications/STM32CubeIDE.app/Contents/Eclipse/plugins/com.st.stm32cube.ide.mcu.externaltools.gnu-tools-for-stm32.12.3.rel1.macos64_1.0.200.202406191456/tools/arm-none-eabi/include/c++/12.3.1/bits/stl_vector.h:728:7:std::vector<_Tp, _Alloc>::~vector() [with _Tp = TaskBase*; _Alloc = std::allocator<TaskBase*>]	24	static
/Applications/STM32CubeIDE.app/Contents/Eclipse/plugins/com.st.stm32cube.ide.mcu.externaltools.gnu-tools-for-stm32.12.3.rel1.macos64_1.0.200.202406191456/tools/arm-none-eabi/include/c++/12.3.1/bits/stl_vector.h:1276:7:void std::vector<_Tp, _Alloc>::push_back(const value_type&) [with _Tp = TaskBase*; _Alloc = std::allocator<TaskBase*>]	16	static
../Core/Archive/Src/logger/logger.h:33:10:constexpr Logger::LogConfigBase::LogConfigBase()	16	static
../Core/Archive/Src/logger/logger.h:41:5:Logger::LogConfig<T>::LogConfig(TopicID, uint32_t) [with T = ImuData]	24	static
../Core/Archive/Src/logger/logger.h:41:5:Logger::LogConfig<T>::LogConfig(TopicID, uint32_t) [with T = BaroData]	24	static
/Applications/STM32CubeIDE.app/Contents/Eclipse/plugins/com.st.stm32cube.ide.mcu.externaltools.gnu-tools-for-stm32.12.3.rel1.macos64_1.0.200.202406191456/tools/arm-none-eabi/include/c++/12.3.1/bits/allocator.h:156:7:std::allocator< <template-parameter-1-1> >::allocator() [with _Tp = TaskBase*]	16	static
/Applications/STM32CubeIDE.app/Contents/Eclipse/plugins/com.st.stm32cube.ide.mcu.externaltools.gnu-tools-for-stm32.12.3.rel1.macos64_1.0.200.202406191456/tools/arm-none-eabi/include/c++/12.3.1/bits/stl_vector.h:99:2:std::_Vector_base<_Tp, _Alloc>::_Vector_impl_data::_Vector_impl_data() [with _Tp = TaskBase*; _Alloc = std::allocator<TaskBase*>]	16	static
/Applications/STM32CubeIDE.app/Contents/Eclipse/plugins/com.st.stm32cube.ide.mcu.externaltools.gnu-tools-for-stm32.12.3.rel1.macos64_1.0.200.202406191456/tools/arm-none-eabi/include/c++/12.3.1/bits/new_allocator.h:90:7:std::__new_allocator<_Tp>::~__new_allocator() [with _Tp = TaskBase*]	16	static
/Applications/STM32CubeIDE.app/Contents/Eclipse/plugins/com.st.stm32cube.ide.mcu.externaltools.gnu-tools-for-stm32.12.3.rel1.macos64_1.0.200.202406191456/tools/arm-none-eabi/include/c++/12.3.1/bits/stl_vector.h:383:7:void std::_Vector_base<_Tp, _Alloc>::_M_deallocate(pointer, std::size_t) [with _Tp = TaskBase*; _Alloc = std::allocator<TaskBase*>]	24	static
/Applications/STM32CubeIDE.app/Contents/Eclipse/plugins/com.st.stm32cube.ide.mcu.externaltools.gnu-tools-for-stm32.12.3.rel1.macos64_1.0.200.202406191456/tools/arm-none-eabi/include/c++/12.3.1/bits/stl_vector.h:298:7:std::_Vector_base<_Tp, _Alloc>::_Tp_alloc_type& std::_Vector_base<_Tp, _Alloc>::_M_get_Tp_allocator() [with _Tp = TaskBase*; _Alloc = std::allocator<TaskBase*>]	16	static
/Applications/STM32CubeIDE.app/Contents/Eclipse/plugins/com.st.stm32cube.ide.mcu.externaltools.gnu-tools-for-stm32.12.3.rel1.macos64_1.0.200.202406191456/tools/arm-none-eabi/include/c++/12.3.1/bits/alloc_traits.h:847:5:void std::_Destroy(_ForwardIterator, _ForwardIterator, allocator<_T2>&) [with _ForwardIterator = TaskBase**; _Tp = TaskBase*]	24	static
/Applications/STM32CubeIDE.app/Contents/Eclipse/plugins/com.st.stm32cube.ide.mcu.externaltools.gnu-tools-for-stm32.12.3.rel1.macos64_1.0.200.202406191456/tools/arm-none-eabi/include/c++/12.3.1/bits/alloc_traits.h:511:2:) [with _Up = TaskBase*; _Args = {TaskBase* const&}; _Tp = TaskBase*]	24	static
/Applications/STM32CubeIDE.app/Contents/Eclipse/plugins/com.st.stm32cube.ide.mcu.externaltools.gnu-tools-for-stm32.12.3.rel1.macos64_1.0.200.202406191456/tools/arm-none-eabi/include/c++/12.3.1/bits/stl_vector.h:888:7:std::vector<_Tp, _Alloc>::iterator std::vector<_Tp, _Alloc>::end() [with _Tp = TaskBase*; _Alloc = std::allocator<TaskBase*>]	24	static
/Applications/STM32CubeIDE.app/Contents/Eclipse/plugins/com.st.stm32cube.ide.mcu.externaltools.gnu-tools-for-stm32.12.3.rel1.macos64_1.0.200.202406191456/tools/arm-none-eabi/include/c++/12.3.1/bits/stl_vector.h:478:7:static constexpr bool std::vector<_Tp, _Alloc>::_S_use_relocate() [with _Tp = TaskBase*; _Alloc = std::allocator<TaskBase*>]	16	static
/Applications/STM32CubeIDE.app/Contents/Eclipse/plugins/com.st.stm32cube.ide.mcu.externaltools.gnu-tools-for-stm32.12.3.rel1.macos64_1.0.200.202406191456/tools/arm-none-eabi/include/c++/12.3.1/bits/stl_vector.h:465:7:static constexpr bool std::vector<_Tp, _Alloc>::_S_nothrow_relocate(std::true_type) [with _Tp = TaskBase*; _Alloc = std::allocator<TaskBase*>]	16	static
/Applications/STM32CubeIDE.app/Contents/Eclipse/plugins/com.st.stm32cube.ide.mcu.externaltools.gnu-tools-for-stm32.12.3.rel1.macos64_1.0.200.202406191456/tools/arm-none-eabi/include/c++/12.3.1/bits/vector.tcc:439:7:) [with _Args = {TaskBase* const&}; _Tp = TaskBase*; _Alloc = std::allocator<TaskBase*>]	64	static
../Core/Inc/pubsub/subscriber.h:23:1:Subscriber<T>::Subscriber(TopicID) [with T = ImuData]	16	static
../Core/Inc/pubsub/subscriber.h:23:1:Subscriber<T>::Subscriber(TopicID) [with T = BaroData]	16	static
/Applications/STM32CubeIDE.app/Contents/Eclipse/plugins/com.st.stm32cube.ide.mcu.externaltools.gnu-tools-for-stm32.12.3.rel1.macos64_1.0.200.202406191456/tools/arm-none-eabi/include/c++/12.3.1/bits/new_allocator.h:80:7:std::__new_allocator<_Tp>::__new_allocator() [with _Tp = TaskBase*]	16	static
/Applications/STM32CubeIDE.app/Contents/Eclipse/plugins/com.st.stm32cube.ide.mcu.externaltools.gnu-tools-for-stm32.12.3.rel1.macos64_1.0.200.202406191456/tools/arm-none-eabi/include/c++/12.3.1/bits/alloc_traits.h:495:7:static void std::allocator_traits<std::allocator<_Tp1> >::deallocate(allocator_type&, pointer, size_type) [with _Tp = TaskBase*]	24	static
/Applications/STM32CubeIDE.app/Contents/Eclipse/plugins/com.st.stm32cube.ide.mcu.externaltools.gnu-tools-for-stm32.12.3.rel1.macos64_1.0.200.202406191456/tools/arm-none-eabi/include/c++/12.3.1/bits/stl_construct.h:182:5:void std::_Destroy(_ForwardIterator, _ForwardIterator) [with _ForwardIterator = TaskBase**]	16	static
/Applications/STM32CubeIDE.app/Contents/Eclipse/plugins/com.st.stm32cube.ide.mcu.externaltools.gnu-tools-for-stm32.12.3.rel1.macos64_1.0.200.202406191456/tools/arm-none-eabi/include/c++/12.3.1/bits/move.h:77:5:constexpr _Tp&& std::forward(typename remove_reference<_Tp>::type&) [with _Tp = TaskBase* const&]	16	static
/Applications/STM32CubeIDE.app/Contents/Eclipse/plugins/com.st.stm32cube.ide.mcu.externaltools.gnu-tools-for-stm32.12.3.rel1.macos64_1.0.200.202406191456/tools/arm-none-eabi/include/c++/12.3.1/bits/new_allocator.h:173:2:) [with _Up = TaskBase*; _Args = {TaskBase* const&}; _Tp = TaskBase*]	32	static
/Applications/STM32CubeIDE.app/Contents/Eclipse/plugins/com.st.stm32cube.ide.mcu.externaltools.gnu-tools-for-stm32.12.3.rel1.macos64_1.0.200.202406191456/tools/arm-none-eabi/include/c++/12.3.1/bits/stl_iterator.h:1072:7:__gnu_cxx::__normal_iterator<_Iterator, _Container>::__normal_iterator(const _Iterator&) [with _Iterator = TaskBase**; _Container = std::vector<TaskBase*>]	16	static
/Applications/STM32CubeIDE.app/Contents/Eclipse/plugins/com.st.stm32cube.ide.mcu.externaltools.gnu-tools-for-stm32.12.3.rel1.macos64_1.0.200.202406191456/tools/arm-none-eabi/include/c++/12.3.1/bits/stl_vector.h:1891:7:std::vector<_Tp, _Alloc>::size_type std::vector<_Tp, _Alloc>::_M_check_len(size_type, const char*) const [with _Tp = TaskBase*; _Alloc = std::allocator<TaskBase*>]	40	static
/Applications/STM32CubeIDE.app/Contents/Eclipse/plugins/com.st.stm32cube.ide.mcu.externaltools.gnu-tools-for-stm32.12.3.rel1.macos64_1.0.200.202406191456/tools/arm-none-eabi/include/c++/12.3.1/bits/stl_vector.h:868:7:std::vector<_Tp, _Alloc>::iterator std::vector<_Tp, _Alloc>::begin() [with _Tp = TaskBase*; _Alloc = std::allocator<TaskBase*>]	24	static
/Applications/STM32CubeIDE.app/Contents/Eclipse/plugins/com.st.stm32cube.ide.mcu.externaltools.gnu-tools-for-stm32.12.3.rel1.macos64_1.0.200.202406191456/tools/arm-none-eabi/include/c++/12.3.1/bits/stl_iterator.h:1330:5:typename __gnu_cxx::__normal_iterator<_Iterator, _Container>::difference_type __gnu_cxx::operator-(const __normal_iterator<_Iterator, _Container>&, const __normal_iterator<_Iterator, _Container>&) [with _Iterator = TaskBase**; _Container = std::vector<TaskBase*>]	24	static
/Applications/STM32CubeIDE.app/Contents/Eclipse/plugins/com.st.stm32cube.ide.mcu.externaltools.gnu-tools-for-stm32.12.3.rel1.macos64_1.0.200.202406191456/tools/arm-none-eabi/include/c++/12.3.1/bits/stl_vector.h:375:7:std::_Vector_base<_Tp, _Alloc>::pointer std::_Vector_base<_Tp, _Alloc>::_M_allocate(std::size_t) [with _Tp = TaskBase*; _Alloc = std::allocator<TaskBase*>]	16	static
/Applications/STM32CubeIDE.app/Contents/Eclipse/plugins/com.st.stm32cube.ide.mcu.externaltools.gnu-tools-for-stm32.12.3.rel1.macos64_1.0.200.202406191456/tools/arm-none-eabi/include/c++/12.3.1/bits/stl_vector.h:499:7:static std::vector<_Tp, _Alloc>::pointer std::vector<_Tp, _Alloc>::_S_relocate(pointer, pointer, pointer, _Tp_alloc_type&) [with _Tp = TaskBase*; _Alloc = std::allocator<TaskBase*>]	40	static
/Applications/STM32CubeIDE.app/Contents/Eclipse/plugins/com.st.stm32cube.ide.mcu.externaltools.gnu-tools-for-stm32.12.3.rel1.macos64_1.0.200.202406191456/tools/arm-none-eabi/include/c++/12.3.1/bits/stl_iterator.h:1158:7:const _Iterator& __gnu_cxx::__normal_iterator<_Iterator, _Container>::base() const [with _Iterator = TaskBase**; _Container = std::vector<TaskBase*>]	16	static
/Applications/STM32CubeIDE.app/Contents/Eclipse/plugins/com.st.stm32cube.ide.mcu.externaltools.gnu-tools-for-stm32.12.3.rel1.macos64_1.0.200.202406191456/tools/arm-none-eabi/include/c++/12.3.1/bits/stl_uninitialized.h:391:5:_ForwardIterator std::__uninitialized_move_if_noexcept_a(_InputIterator, _InputIterator, _ForwardIterator, _Allocator&) [with _InputIterator = TaskBase**; _ForwardIterator = TaskBase**; _Allocator = allocator<TaskBase*>]	32	static
/Applications/STM32CubeIDE.app/Contents/Eclipse/plugins/com.st.stm32cube.ide.mcu.externaltools.gnu-tools-for-stm32.12.3.rel1.macos64_1.0.200.202406191456/tools/arm-none-eabi/include/c++/12.3.1/bits/new_allocator.h:142:7:void std::__new_allocator<_Tp>::deallocate(_Tp*, size_type) [with _Tp = TaskBase*]	24	static
/Applications/STM32CubeIDE.app/Contents/Eclipse/plugins/com.st.stm32cube.ide.mcu.externaltools.gnu-tools-for-stm32.12.3.rel1.macos64_1.0.200.202406191456/tools/arm-none-eabi/include/c++/12.3.1/bits/stl_construct.h:172:9:static void std::_Destroy_aux<true>::__destroy(_ForwardIterator, _ForwardIterator) [with _ForwardIterator = TaskBase**]	16	static
/Applications/STM32CubeIDE.app/Contents/Eclipse/plugins/com.st.stm32cube.ide.mcu.externaltools.gnu-tools-for-stm32.12.3.rel1.macos64_1.0.200.202406191456/tools/arm-none-eabi/include/c++/12.3.1/bits/stl_vector.h:993:7:std::vector<_Tp, _Alloc>::size_type std::vector<_Tp, _Alloc>::max_size() const [with _Tp = TaskBase*; _Alloc = std::allocator<TaskBase*>]	16	static
/Applications/STM32CubeIDE.app/Contents/Eclipse/plugins/com.st.stm32cube.ide.mcu.externaltools.gnu-tools-for-stm32.12.3.rel1.macos64_1.0.200.202406191456/tools/arm-none-eabi/include/c++/12.3.1/bits/stl_vector.h:987:7:std::vector<_Tp, _Alloc>::size_type std::vector<_Tp, _Alloc>::size() const [with _Tp = TaskBase*; _Alloc = std::allocator<TaskBase*>]	16	static
/Applications/STM32CubeIDE.app/Contents/Eclipse/plugins/com.st.stm32cube.ide.mcu.externaltools.gnu-tools-for-stm32.12.3.rel1.macos64_1.0.200.202406191456/tools/arm-none-eabi/include/c++/12.3.1/bits/stl_algobase.h:254:5:constexpr const _Tp& std::max(const _Tp&, const _Tp&) [with _Tp = unsigned int]	16	static
/Applications/STM32CubeIDE.app/Contents/Eclipse/plugins/com.st.stm32cube.ide.mcu.externaltools.gnu-tools-for-stm32.12.3.rel1.macos64_1.0.200.202406191456/tools/arm-none-eabi/include/c++/12.3.1/bits/alloc_traits.h:463:7:static _Tp* std::allocator_traits<std::allocator<_Tp1> >::allocate(allocator_type&, size_type) [with _Tp = TaskBase*]	16	static
/Applications/STM32CubeIDE.app/Contents/Eclipse/plugins/com.st.stm32cube.ide.mcu.externaltools.gnu-tools-for-stm32.12.3.rel1.macos64_1.0.200.202406191456/tools/arm-none-eabi/include/c++/12.3.1/bits/stl_vector.h:487:7:static std::vector<_Tp, _Alloc>::pointer std::vector<_Tp, _Alloc>::_S_do_relocate(pointer, pointer, pointer, _Tp_alloc_type&, std::true_type) [with _Tp = TaskBase*; _Alloc = std::allocator<TaskBase*>]	24	static
/Applications/STM32CubeIDE.app/Contents/Eclipse/plugins/com.st.stm32cube.ide.mcu.externaltools.gnu-tools-for-stm32.12.3.rel1.macos64_1.0.200.202406191456/tools/arm-none-eabi/include/c++/12.3.1/bits/stl_iterator.h:1828:5:_ReturnType std::__make_move_if_noexcept_iterator(_Tp*) [with _Tp = TaskBase*; _ReturnType = move_iterator<TaskBase**>]	24	static
/Applications/STM32CubeIDE.app/Contents/Eclipse/plugins/com.st.stm32cube.ide.mcu.externaltools.gnu-tools-for-stm32.12.3.rel1.macos64_1.0.200.202406191456/tools/arm-none-eabi/include/c++/12.3.1/bits/stl_uninitialized.h:365:5:_ForwardIterator std::__uninitialized_copy_a(_InputIterator, _InputIterator, _ForwardIterator, allocator<_Tp>&) [with _InputIterator = move_iterator<TaskBase**>; _ForwardIterator = TaskBase**; _Tp = TaskBase*]	24	static
/Applications/STM32CubeIDE.app/Contents/Eclipse/plugins/com.st.stm32cube.ide.mcu.externaltools.gnu-tools-for-stm32.12.3.rel1.macos64_1.0.200.202406191456/tools/arm-none-eabi/include/c++/12.3.1/bits/stl_vector.h:1911:7:static std::vector<_Tp, _Alloc>::size_type std::vector<_Tp, _Alloc>::_S_max_size(const _Tp_alloc_type&) [with _Tp = TaskBase*; _Alloc = std::allocator<TaskBase*>]	24	static
/Applications/STM32CubeIDE.app/Contents/Eclipse/plugins/com.st.stm32cube.ide.mcu.externaltools.gnu-tools-for-stm32.12.3.rel1.macos64_1.0.200.202406191456/tools/arm-none-eabi/include/c++/12.3.1/bits/stl_vector.h:303:7:const std::_Vector_base<_Tp, _Alloc>::_Tp_alloc_type& std::_Vector_base<_Tp, _Alloc>::_M_get_Tp_allocator() const [with _Tp = TaskBase*; _Alloc = std::allocator<TaskBase*>]	16	static
/Applications/STM32CubeIDE.app/Contents/Eclipse/plugins/com.st.stm32cube.ide.mcu.externaltools.gnu-tools-for-stm32.12.3.rel1.macos64_1.0.200.202406191456/tools/arm-none-eabi/include/c++/12.3.1/bits/new_allocator.h:112:7:_Tp* std::__new_allocator<_Tp>::allocate(size_type, const void*) [with _Tp = TaskBase*]	24	static
/Applications/STM32CubeIDE.app/Contents/Eclipse/plugins/com.st.stm32cube.ide.mcu.externaltools.gnu-tools-for-stm32.12.3.rel1.macos64_1.0.200.202406191456/tools/arm-none-eabi/include/c++/12.3.1/bits/stl_uninitialized.h:1127:5:_ForwardIterator std::__relocate_a(_InputIterator, _InputIterator, _ForwardIterator, _Allocator&) [with _InputIterator = TaskBase**; _ForwardIterator = TaskBase**; _Allocator = allocator<TaskBase*>]	32	static
/Applications/STM32CubeIDE.app/Contents/Eclipse/plugins/com.st.stm32cube.ide.mcu.externaltools.gnu-tools-for-stm32.12.3.rel1.macos64_1.0.200.202406191456/tools/arm-none-eabi/include/c++/12.3.1/bits/stl_iterator.h:1515:7:std::move_iterator<_Iterator>::move_iterator(iterator_type) [with _Iterator = TaskBase**]	16	static
/Applications/STM32CubeIDE.app/Contents/Eclipse/plugins/com.st.stm32cube.ide.mcu.externaltools.gnu-tools-for-stm32.12.3.rel1.macos64_1.0.200.202406191456/tools/arm-none-eabi/include/c++/12.3.1/bits/stl_uninitialized.h:163:5:_ForwardIterator std::uninitialized_copy(_InputIterator, _InputIterator, _ForwardIterator) [with _InputIterator = move_iterator<TaskBase**>; _ForwardIterator = TaskBase**]	32	static
/Applications/STM32CubeIDE.app/Contents/Eclipse/plugins/com.st.stm32cube.ide.mcu.externaltools.gnu-tools-for-stm32.12.3.rel1.macos64_1.0.200.202406191456/tools/arm-none-eabi/include/c++/12.3.1/bits/alloc_traits.h:547:7:static std::allocator_traits<std::allocator<_Tp1> >::size_type std::allocator_traits<std::allocator<_Tp1> >::max_size(const allocator_type&) [with _Tp = TaskBase*]	16	static
/Applications/STM32CubeIDE.app/Contents/Eclipse/plugins/com.st.stm32cube.ide.mcu.externaltools.gnu-tools-for-stm32.12.3.rel1.macos64_1.0.200.202406191456/tools/arm-none-eabi/include/c++/12.3.1/bits/stl_algobase.h:230:5:constexpr const _Tp& std::min(const _Tp&, const _Tp&) [with _Tp = unsigned int]	16	static
/Applications/STM32CubeIDE.app/Contents/Eclipse/plugins/com.st.stm32cube.ide.mcu.externaltools.gnu-tools-for-stm32.12.3.rel1.macos64_1.0.200.202406191456/tools/arm-none-eabi/include/c++/12.3.1/bits/new_allocator.h:210:7:constexpr std::__new_allocator<_Tp>::size_type std::__new_allocator<_Tp>::_M_max_size() const [with _Tp = TaskBase*]	16	static
/Applications/STM32CubeIDE.app/Contents/Eclipse/plugins/com.st.stm32cube.ide.mcu.externaltools.gnu-tools-for-stm32.12.3.rel1.macos64_1.0.200.202406191456/tools/arm-none-eabi/include/c++/12.3.1/bits/stl_algobase.h:313:5:_Iterator std::__niter_base(_Iterator) [with _Iterator = TaskBase**]	16	static
/Applications/STM32CubeIDE.app/Contents/Eclipse/plugins/com.st.stm32cube.ide.mcu.externaltools.gnu-tools-for-stm32.12.3.rel1.macos64_1.0.200.202406191456/tools/arm-none-eabi/include/c++/12.3.1/bits/stl_uninitialized.h:1100:5:std::__enable_if_t<std::__is_bitwise_relocatable<_Tp>::value, _Tp*> std::__relocate_a_1(_Tp*, _Tp*, _Tp*, allocator<_T2>&) [with _Tp = TaskBase*; _Up = TaskBase*]	32	static
/Applications/STM32CubeIDE.app/Contents/Eclipse/plugins/com.st.stm32cube.ide.mcu.externaltools.gnu-tools-for-stm32.12.3.rel1.macos64_1.0.200.202406191456/tools/arm-none-eabi/include/c++/12.3.1/bits/move.h:104:5:constexpr typename std::remove_reference<_Tp>::type&& std::move(_Tp&&) [with _Tp = TaskBase**&]	16	static
/Applications/STM32CubeIDE.app/Contents/Eclipse/plugins/com.st.stm32cube.ide.mcu.externaltools.gnu-tools-for-stm32.12.3.rel1.macos64_1.0.200.202406191456/tools/arm-none-eabi/include/c++/12.3.1/bits/stl_uninitialized.h:145:9:static _ForwardIterator std::__uninitialized_copy<true>::__uninit_copy(_InputIterator, _InputIterator, _ForwardIterator) [with _InputIterator = std::move_iterator<TaskBase**>; _ForwardIterator = TaskBase**]	24	static
/Applications/STM32CubeIDE.app/Contents/Eclipse/plugins/com.st.stm32cube.ide.mcu.externaltools.gnu-tools-for-stm32.12.3.rel1.macos64_1.0.200.202406191456/tools/arm-none-eabi/include/c++/12.3.1/bits/new_allocator.h:167:7:std::__new_allocator<_Tp>::size_type std::__new_allocator<_Tp>::max_size() const [with _Tp = TaskBase*]	16	static
/Applications/STM32CubeIDE.app/Contents/Eclipse/plugins/com.st.stm32cube.ide.mcu.externaltools.gnu-tools-for-stm32.12.3.rel1.macos64_1.0.200.202406191456/tools/arm-none-eabi/include/c++/12.3.1/bits/stl_algobase.h:611:5:_OI std::copy(_II, _II, _OI) [with _II = move_iterator<TaskBase**>; _OI = TaskBase**]	32	static
/Applications/STM32CubeIDE.app/Contents/Eclipse/plugins/com.st.stm32cube.ide.mcu.externaltools.gnu-tools-for-stm32.12.3.rel1.macos64_1.0.200.202406191456/tools/arm-none-eabi/include/c++/12.3.1/bits/stl_iterator.h:2587:5:base())) std::__miter_base(move_iterator<_IteratorL>) [with _Iterator = TaskBase**]	16	static
/Applications/STM32CubeIDE.app/Contents/Eclipse/plugins/com.st.stm32cube.ide.mcu.externaltools.gnu-tools-for-stm32.12.3.rel1.macos64_1.0.200.202406191456/tools/arm-none-eabi/include/c++/12.3.1/bits/stl_algobase.h:527:5:_OI std::__copy_move_a(_II, _II, _OI) [with bool _IsMove = true; _II = TaskBase**; _OI = TaskBase**]	32	static
/Applications/STM32CubeIDE.app/Contents/Eclipse/plugins/com.st.stm32cube.ide.mcu.externaltools.gnu-tools-for-stm32.12.3.rel1.macos64_1.0.200.202406191456/tools/arm-none-eabi/include/c++/12.3.1/bits/stl_iterator.h:1541:7:std::move_iterator<_Iterator>::iterator_type std::move_iterator<_Iterator>::base() const [with _Iterator = TaskBase**]	16	static
/Applications/STM32CubeIDE.app/Contents/Eclipse/plugins/com.st.stm32cube.ide.mcu.externaltools.gnu-tools-for-stm32.12.3.rel1.macos64_1.0.200.202406191456/tools/arm-none-eabi/include/c++/12.3.1/bits/cpp_type_traits.h:562:5:_Iterator std::__miter_base(_Iterator) [with _Iterator = TaskBase**]	16	static
/Applications/STM32CubeIDE.app/Contents/Eclipse/plugins/com.st.stm32cube.ide.mcu.externaltools.gnu-tools-for-stm32.12.3.rel1.macos64_1.0.200.202406191456/tools/arm-none-eabi/include/c++/12.3.1/bits/stl_algobase.h:521:5:_OI std::__copy_move_a1(_II, _II, _OI) [with bool _IsMove = true; _II = TaskBase**; _OI = TaskBase**]	24	static
/Applications/STM32CubeIDE.app/Contents/Eclipse/plugins/com.st.stm32cube.ide.mcu.externaltools.gnu-tools-for-stm32.12.3.rel1.macos64_1.0.200.202406191456/tools/arm-none-eabi/include/c++/12.3.1/bits/stl_algobase.h:335:5:_Iterator std::__niter_wrap(const _Iterator&, _Iterator) [with _Iterator = TaskBase**]	16	static
/Applications/STM32CubeIDE.app/Contents/Eclipse/plugins/com.st.stm32cube.ide.mcu.externaltools.gnu-tools-for-stm32.12.3.rel1.macos64_1.0.200.202406191456/tools/arm-none-eabi/include/c++/12.3.1/bits/stl_algobase.h:486:5:_OI std::__copy_move_a2(_II, _II, _OI) [with bool _IsMove = true; _II = TaskBase**; _OI = TaskBase**]	24	static
/Applications/STM32CubeIDE.app/Contents/Eclipse/plugins/com.st.stm32cube.ide.mcu.externaltools.gnu-tools-for-stm32.12.3.rel1.macos64_1.0.200.202406191456/tools/arm-none-eabi/include/c++/12.3.1/bits/stl_algobase.h:420:2:static _Tp* std::__copy_move<_IsMove, true, std::random_access_iterator_tag>::__copy_m(const _Tp*, const _Tp*, _Tp*) [with _Tp = TaskBase*; bool _IsMove = true]	32	static
../Core/Archive/Src/logger/logger.h:39:9:Logger::LogConfig<BaroData>::~LogConfig()	16	static
../Core/Archive/Src/logger/logger.h:39:9:virtual Logger::LogConfig<BaroData>::~LogConfig()	16	static
../Core/Archive/Src/logger/logger.h:39:9:Logger::LogConfig<ImuData>::~LogConfig()	16	static
../Core/Archive/Src/logger/logger.h:39:9:virtual Logger::LogConfig<ImuData>::~LogConfig()	16	static
../Core/Archive/Src/logger/logger.h:19:7:Logger::~Logger()	16	static
../Core/Archive/Src/logger/logger.h:19:7:virtual Logger::~Logger()	16	static
../Core/Archive/Src/logger/logger.h:47:10:void Logger::LogConfig<T>::TryLog(uint32_t, Logger*) [with T = BaroData]	320	static
../Core/Archive/Src/logger/logger.h:47:10:void Logger::LogConfig<T>::TryLog(uint32_t, Logger*) [with T = ImuData]	360	static
../Core/Inc/pubsub/subscriber.h:30:6:bool Subscriber<T>::copy(T&) [with T = BaroData]	16	static
../Core/Archive/Src/logger/logger.cc:95:10:static uint16_t Logger::LogConfig<T>::ComputeCrc16(const uint8_t*, size_t) [with T = BaroData]	32	static
../Core/Inc/pubsub/subscriber.h:30:6:bool Subscriber<T>::copy(T&) [with T = ImuData]	16	static
../Core/Archive/Src/logger/logger.cc:95:10:static uint16_t Logger::LogConfig<T>::ComputeCrc16(const uint8_t*, size_t) [with T = ImuData]	32	static
../Core/Inc/pubsub/pubsub_manager.h:42:10:bool PubSubManager::copy(TopicID, T&, int) [with T = BaroData]	40	static
../Core/Inc/pubsub/pubsub_manager.h:42:10:bool PubSubManager::copy(TopicID, T&, int) [with T = ImuData]	48	static
