../Core/Src/mavlink_rxtx/mavlink_rxtx.h:22:7:MavlinkRxTx::~MavlinkRxTx()	0	static
../Core/Src/mavlink_rxtx/mavlink_rxtx.h:22:7:virtual MavlinkRxTx::~MavlinkRxTx()	8	static
../Core/Inc/mavlink/common/../mavlink_sha256.h:152:21:void mavlink_sha256_update(mavlink_sha256_ctx*, const void*, uint32_t)	352	static
../Core/Inc/task_manager/task_base.h:46:39:void __tcf_0()	0	static
../Core/Src/mavlink_rxtx/mavlink_rxtx.cc:17:1:MavlinkRxTx::MavlinkRxTx(UART_HandleTypeDef*)	40	static
../Core/Src/mavlink_rxtx/mavlink_rxtx.cc:23:6:void MavlinkRxTx::FlushUartDataRegister()	8	static
../Core/Src/mavlink_rxtx/mavlink_rxtx.cc:35:6:void MavlinkRxTx::SwapBuffers()	0	static
../Core/Src/mavlink_rxtx/mavlink_rxtx.cc:168:6:void MavlinkRxTx::HandleMavlinkMessage(mavlink_message_t*)	600	static
../Core/Src/mavlink_rxtx/mavlink_rxtx.cc:154:6:void MavlinkRxTx::ParseReadyMavlinkMessages()	552	static
../Core/Src/mavlink_rxtx/mavlink_rxtx.cc:40:6:virtual void MavlinkRxTx::Run()	536	static
../Core/Src/mavlink_rxtx/mavlink_rxtx.cc:210:6:void MavlinkRxTx::SetTxReadyFlag()	0	static
../Core/Src/mavlink_rxtx/mavlink_rxtx.cc:214:6:static void MavlinkRxTx::TxCompleted()	0	static
../Core/Src/mavlink_rxtx/mavlink_rxtx.cc:218:1:cc)	0	static
